[23:58:54] CDP 9222 연결...
[23:58:55] 기존 페이지: http://localhost:3000/

============================================================
  ACT 1 — 방 생성 + 선호도 + 게스트 가입
============================================================
[23:58:58] '모임 생성' 버튼 클릭
[23:59:02] 모임명 입력: 잡담하다 모임 잡기 시연
[23:59:03] 카테고리 '식사' 선택
[23:59:04] '모임 생성' 제출
[23:59:08] 방 ID = 78
[23:59:08] 선호도 팝업: '평일 저녁' 클릭
[23:59:09] 선호 장소: '강남' 입력
[23:59:11] 선호도 '제출하기'
[23:59:14] 게스트 '수현' 가입
[23:59:14]   → user_id=133
[23:59:14] 게스트 '민수' 가입
[23:59:14]   → user_id=134

============================================================
  ACT 2 — 잡담 3턴 (AI 무반응) → 모임 5턴 (AI 자동 개입)
============================================================
[23:59:16] [잡담 1] 지민: '오늘 점심 뭐 먹었어?'
[23:59:18] [잡담 2] 수현: '치킨 시켜먹었어 ㅎㅎ'
[23:59:21] [잡담 3] 민수: 'ㅋㅋ 나는 김밥'
[23:59:24] >>> 여기까지는 AI 무반응 (잡담은 카운터 +0)
[23:59:26] [모임 1] 지민: '근데 우리 이번 주에 한번 모이자'
[23:59:28] [모임 2] 수현: '오 좋아 금요일 저녁 어때?'
[23:59:31] [모임 3] 민수: '금요일은 알바라 안 돼'
[23:59:33] [모임 4] 수현: '그럼 토요일?'
[23:59:36] [모임 5] 지민: '토요일은 가족 모임'
[23:59:36] 
>>> AI 자동 개입 대기 (vote_card 폴링, 최대 60s)...
[23:59:47] ⚡ AI 개입 성공 — vote_card 등장: 5월 27일 (수) 오후 6:00 (전원 가능)로 확정
[23:59:47] (시청자가 vote_card 확인할 수 있도록 10초 대기)
[23:59:57] 
=== showcase 1 끝 ===
[23:59:57] 브라우저는 그대로 유지. 영상 컷 다음 단계로 진행하세요.
