[01:16:31] CDP 9222 연결...
[01:16:32] 기존 페이지: http://localhost:3000/

============================================================
  ACT 1 — 방 생성 + 선호도 + 게스트 가입
============================================================
[01:16:35] '모임 생성' 버튼 클릭
[01:16:39] 모임명 입력: 잡담하다 모임 잡기 시연
[01:16:40] 카테고리 '식사' 선택
[01:16:41] '모임 생성' 제출
[01:16:45] 방 ID = 147
[01:16:45] 선호도 팝업: '평일 저녁' 클릭
[01:16:46] 선호 장소: '강남' 입력
[01:16:48] 선호도 '제출하기'
[01:16:51] 게스트 '수현' 가입
[01:16:51]   → user_id=414
[01:16:51] 게스트 '민수' 가입
[01:16:51]   → user_id=415

============================================================
  ACT 2 — 잡담 3턴 (AI 무반응) → 모임 5턴 (AI 자동 개입)
============================================================
[01:16:53] [잡담 1] 지민: '오늘 점심 뭐 먹었어?'
[01:16:55] [잡담 2] 수현: '치킨 시켜먹었어 ㅎㅎ'
[01:16:58] [잡담 3] 민수: 'ㅋㅋ 나는 김밥'
[01:17:01] >>> 여기까지는 AI 무반응 (잡담은 카운터 +0)
[01:17:03] [모임 1] 지민: '근데 우리 이번 주에 한번 모이자'
[01:17:05] [모임 2] 수현: '오 좋아 금요일 저녁 어때?'
[01:17:08] [모임 3] 민수: '금요일은 알바라 안 돼'
[01:17:10] [모임 4] 수현: '그럼 토요일?'
[01:17:13] [모임 5] 지민: '토요일은 가족 모임'
[01:17:13] 
>>> AI 자동 개입 대기 (vote_card 폴링, 최대 60s)...
[01:17:28] ⚡ AI 개입 성공 — vote_card 등장: 5월 23일 (토) 주말 오후 2:00 (전원 가능)로 확정
[01:17:28] (시청자가 vote_card 확인할 수 있도록 10초 대기)
[01:17:38] 
=== showcase 1 끝 ===
[01:17:38] 브라우저는 그대로 유지. 영상 컷 다음 단계로 진행하세요.
